Starting backfill from 2026-07-01 to 2026-07-19...

[2026-07-01] Fetching...
 -> Saved Raw: Stop 0 - Ottawa, Ontario
 -> Saved Raw: Stop 1 - Edmonton, Alberta
[2026-07-02] Fetching...
 -> Saved Raw: Stop 0 - Vancouver, British Columbia
 -> Saved Raw: Stop 1 - Calgary, Alberta
[2026-07-03] Fetching...
 -> Skip: No itinerary found.
[2026-07-04] Fetching...
 -> Skip: No itinerary found.
[2026-07-05] Fetching...
 -> Skip: No itinerary found.
[2026-07-06] Fetching...
 -> Saved Raw: Stop 0 - Ottawa, Ontario
 -> Saved Raw: Stop 1 - Halifax, Nova Scotia
[2026-07-07] Fetching...
 -> Saved Raw: Stop 0 - Ankara, Türkiye
[2026-07-08] Fetching...
 -> Saved Raw: Stop 0 - Ankara, Türkiye
 -> Saved Raw: Stop 1 - Jeddah, Saudi Arabia
[2026-07-09] Fetching...
 -> Saved Raw: Stop 0 - Jeddah, Saudi Arabia
[Skip] 2026-07-10 has already been logged. Continuing loop...
[Skip] 2026-07-11 has already been logged. Continuing loop...
[Skip] 2026-07-12 has already been logged. Continuing loop...
[2026-07-13] Fetching...
 -> Skip: No itinerary found.
[2026-07-14] Fetching...
 -> Skip: No itinerary found.
[2026-07-15] Fetching...
 -> Skip: No itinerary found.
[Skip] 2026-07-16 has already been logged. Continuing loop...
[Skip] 2026-07-17 has already been logged. Continuing loop...
[2026-07-18] Fetching...
 -> Skip: No itinerary found.
[Skip] 2026-07-19 has already been logged. Continuing loop...

✅ Backfill complete! You now have historical data.
